// Jest Snapshot v1, https://goo.gl/fbAQLP

exports[`glaphql-tag-arrow-function.ts format 1`] = `
====================================options=====================================
parsers: ["typescript", "babel", "flow"]
printWidth: 80
                                                                                | printWidth
=====================================input======================================
export const createCompany = (): DocumentNode => gql\`
  mutation {
    createCompany(
      input: {
        address: {
          street: "Street 5"
          city: "Testcity"
          postalCode: "123456"
          country: DE
          extra: "Something extra"
        }
      }
    ) {
      id
    }
  }
\`

=====================================output=====================================
export const createCompany = (): DocumentNode => gql\`
  mutation {
    createCompany(
      input: {
        address: {
          street: "Street 5"
          city: "Testcity"
          postalCode: "123456"
          country: DE
          extra: "Something extra"
        }
      }
    ) {
      id
    }
  }
\`;

================================================================================
`;
